// Jest Snapshot v1, https://goo.gl/fbAQLP

exports[`Details Component test Renders the details of city weather data 1`] = `
<div
  className="text-center"
>
  <p>
    loading...
  </p>
</div>
`;
